[?25l[0mMicrosoft Windows [version 10.0.17763.864][0K
(c) 2018 Microsoft Corporation. Tous droits réservés.[0K
[0K
C:\Users\CR258086\Documents\Source\ptairData>[0K
[0K[0m[1;1H[2J[0m[0K[?25l
C:\Users\CR258086\Documents\Source\ptairData>[0K[?25h[?25l
C:\Users\CR258086\Documents\Source\ptairData>[0K[?25hg[0Ki[0Kt[0K[50G[?25lC:\Users\CR258086\Documents\Source\ptairData>git i[0K[?25hn[0Ki[0Kt[0K[?25l
[0K[?25h]0;  - git  init]0; Initialized empty Git repository in C:/Users/CR258086/Documents/Source/ptairData/.git/[0K[?25l
[0K
C:\Users\CR258086\Documents\Source\ptairData>[0K[?25hg[0Ki[0Kt[0K[50G[?25lC:\Users\CR258086\Documents\Source\ptairData>git a[0K[?25hd[0Kd[0K]0;  - git  add[?25l
[0K[?25h]0; Nothing specified, nothing added.[0K[?25l
Maybe you wanted to say 'git add .'?[0K
[0K
C:\Users\CR258086\Documents\Source\ptairData>[0K[?25hgit add[0K[54G[?25lC:\Users\CR258086\Documents\Source\ptairData>git add -[0K[?25ha[0K]0;  - git  add -a[?25l
[0K[?25h]0; error: unknown switch `a'[0K[?25l
usage: git add [<options>] [--] <pathspec>...[0K
[0K
    -n, --dry-run         dry run[0K
    -v, --verbose         be verbose[0K
[0K
    -i, --interactive     interactive picking[0K
    -p, --patch[=<patch-mode>][0K
                          select hunks interactively[0K
    -e, --edit            edit current diff and apply[0K
    -f, --force           allow adding otherwise ignored files[0K
    -u, --update          update tracked files[0K
    --renormalize         renormalize EOL of tracked files (implies -u)[0K
    -N, --intent-to-add   record only the fact that the path will be added later[0K
    -A, --all             add changes from all tracked and untracked files[0K
    --ignore-removal      ignore paths removed in the working tree (same as --no-all)[0K
    --refresh             don't add, only refresh the index[0K
    --ignore-errors       just skip files which cannot be added because of errors[0K
    --ignore-missing      check if - even missing - files are ignored in dry run[0K
    --chmod (+|-)x        override the executable bit of the listed files[0K
[0K
[0K
C:\Users\CR258086\Documents\Source\ptairData>[0K[?25hg[0Ki[0Kt[0K[50G[?25lC:\Users\CR258086\Documents\Source\ptairData>git c[0K[?25ho[0Km[0Km[0Ki[0Kt[0K[57G]0;  - git  commit [?25l
[0K[?25hOn branch master[0K[?25l
[0K
Initial commit[0K
[0K
Untracked files:[0K
        [0;31m.Rbuildignore[0m[0K
        [0;31m.Rhistory[0m[0K
        [0;31m.Rproj.user/[0m[0K
        [0;31mDESCRIPTION[0m[0K
        [0;31mNAMESPACE[0m[0K
        [0;31minst/[0m[0K
        [0;31mptrData.Rproj[0m[0K
[0K
nothing added to commit but untracked files present[0K
[0K[?25h]0; [?25l
C:\Users\CR258086\Documents\Source\ptairData>[0K[?25hgit commit[0K[57G[?25lC:\Users\CR258086\Documents\Source\ptairData>git add -a[0K[?25h[?25lC:\Users\CR258086\Documents\Source\ptairData>git add[0K[?25h[?25lC:\Users\CR258086\Documents\Source\ptairData>git init[0K[?25h[?25lC:\Users\CR258086\Documents\Source\ptairData>git add[0K[?25h -a[0K[?25lC:\Users\CR258086\Documents\Source\ptairData>git commit[0K[57G[?25h[56G[?25lC:\Users\CR258086\Documents\Source\ptairData>git commi[0K[?25h[?25lC:\Users\CR258086\Documents\Source\ptairData>git comm[0K[?25h[?25lC:\Users\CR258086\Documents\Source\ptairData>git com[0K[?25h[?25lC:\Users\CR258086\Documents\Source\ptairData>git c[0K[?25h[?25lC:\Users\CR258086\Documents\Source\ptairData>git[0K[50G[?25h[49G[?25lC:\Users\CR258086\Documents\Source\ptairData>gi[0K[?25h[?25lC:\Users\CR258086\Documents\Source\ptairData>g[0K[?25h[?25lC:\Users\CR258086\Documents\Source\ptairData>[0K[?25h^V[0K[?25lC:\Users\CR258086\Documents\Source\ptairData>[0K[?25h^V[0K[?25lC:\Users\CR258086\Documents\Source\ptairData>[0K[?25hgit remote add origin[0K[68G[?25lC:\Users\CR258086\Documents\Source\ptairData>git remote add origin https://github.com/camilleroquencourt/ptairData.git[0K[?25h]0;  - git  remote add origin https://github.com/camilleroquencourt/ptairData.git[?25l
[0K[?25h]0; [?25l
C:\Users\CR258086\Documents\Source\ptairData>[0K[?25hg[0Ki[0Kt[0K[50G[?25lC:\Users\CR258086\Documents\Source\ptairData>git p[0K[?25hu[0Ks[0Kh[0K[55G[?25lC:\Users\CR258086\Documents\Source\ptairData>git push -[0K[?25hu[0K[58G[?25lC:\Users\CR258086\Documents\Source\ptairData>git push -u o[0K[?25hr[0Ki[0Kg[0Ki[0Kn[0K[65G[?25lC:\Users\CR258086\Documents\Source\ptairData>git push -u origin m[0K[?25ha[0Ks[0Kt[0Ke[0Kr[0K]0;  - git  push -u origin master[?25l
[0K[?25h]0; error: src refspec master does not match any[0K[?25l
[0;31merror: failed to push some refs to 'https://github.com/camilleroquencourt/ptairData.git'[0m[0K
[0K
C:\Users\CR258086\Documents\Source\ptairData>[0K[?25hgit push -u origin master[0K[?25lC:\Users\CR258086\Documents\Source\ptairData>git remote add origin https://github.com/camilleroquencourt/ptairData.git[0K[?25h]0;  - git  remote add origin https://github.com/camilleroquencourt/ptairData.git[?25l
[0K[?25h]0; fatal: remote origin already exists.[0K[?25l
[0K
C:\Users\CR258086\Documents\Source\ptairData>[0K[?25hgit remote add origin https://github.com/camilleroquencourt/ptairData.git[0K[?25lC:\Users\CR258086\Documents\Source\ptairData>git commit[0K[57G[?25h[?25lC:\Users\CR258086\Documents\Source\ptairData>git add -a[0K[?25h[?25lC:\Users\CR258086\Documents\Source\ptairData>git add[0K[?25h -a[0K[?25lC:\Users\CR258086\Documents\Source\ptairData>git commit[0K[57G[?25h[?25lC:\Users\CR258086\Documents\Source\ptairData>git remote add origin https://github.com/camilleroquencourt/ptairData.git[0K[?25h[?25lC:\Users\CR258086\Documents\Source\ptairData>git push -u origin master[0K[?25h[70G[69G[68G[67G[66G[64G[63G[61G[60G[59G[58G[57G[56G[55G[54G[?25lC:\Users\CR258086\Documents\Source\ptairData>git pus -u origin master[0K[53G[?25h[?25lC:\Users\CR258086\Documents\Source\ptairData>git pu -u origin master[0K[52G[?25h[?25lC:\Users\CR258086\Documents\Source\ptairData>git p -u origin master[0K[51G[?25h[?25lC:\Users\CR258086\Documents\Source\ptairData>git pu -u origin master[0K[52G[?25h[?25lC:\Users\CR258086\Documents\Source\ptairData>git pul -u origin master[0K[53G[?25h[?25lC:\Users\CR258086\Documents\Source\ptairData>git pull -u origin master[0K[54G[?25h[?25lC:\Users\CR258086\Documents\Source\ptairData>git pull-u origin master[0K[54G[?25h[?25lC:\Users\CR258086\Documents\Source\ptairData>git pullu origin master[0K[54G[?25h[?25lC:\Users\CR258086\Documents\Source\ptairData>git pull origin master[0K[54G[?25h[?25l
[0K[?25h]0;  - git  pull origin masterremote: Enumerating objects: 9, done.[0K[?25l
remote: Counting objects: 100% (9/9), done.[0K
[0K[?25hremote: Compressing objects: 100% (5/5), done.[0K[?25l
remote: Total 9 (delta 1), reused 0 (delta 0), pack-reused 0[0K
[0K[?25h[?25lUnpacking objects:  22% (2/9)[0K[1G[?25h[?25lUnpacking objects:  77% (7/9)[0K[1G[?25hUnpacking objects: 100% (9/9), done.[0K[?25l
[0K[?25hFrom https://github.com/camilleroquencourt/ptairData[0K[?25l
 * branch            master     -> FETCH_HEAD[0K
[0K[?25h * [new branch]      master     -> origin/master[0K[?25l
[0K[?25h]0; [?25l
C:\Users\CR258086\Documents\Source\ptairData>[0K[?25hgit pull origin master[0K[?25lC:\Users\CR258086\Documents\Source\ptairData>git remote add origin https://github.com/camilleroquencourt/ptairData.git[0K[?25h[?25lC:\Users\CR258086\Documents\Source\ptairData>git push -u origin master[0K[?25h]0;  - git  push -u origin master[?25l
[0K[?25hEverything up-to-date[0K[?25l
[0K[?25h]0; Branch 'master' set up to track remote branch 'master' from 'origin'.[0K[?25l
[0K
C:\Users\CR258086\Documents\Source\ptairData>[0K[?25hg[0Ki[0Kt[0K[50G[?25lC:\Users\CR258086\Documents\Source\ptairData>git a[0K[?25hd[0Kd[0K[54G[?25lC:\Users\CR258086\Documents\Source\ptairData>git add -[0K[?25hA[0K]0;  - git  add -A[?25l
[0K[?25hwarning: LF will be replaced by CRLF in .Rhistory.[0K[?25l
The file will have its original line endings in your working directory[0K
[0K[?25hwarning: LF will be replaced by CRLF in .Rproj.user/F61DDEC9/cpp-definition-cache.[0K[?25l
The file will have its original line endings in your working directory[0K
warning: LF will be replaced by CRLF in .Rproj.user/F61DDEC9/ctx/ctx-39415/console_actions.[0K
The file will have its original line endings in your working directory[0K
warning: LF will be replaced by CRLF in .Rproj.user/F61DDEC9/ctx/ctx-39415/environment_vars.[0K
The file will have its original line endings in your working directory[0K
warning: LF will be replaced by CRLF in .Rproj.user/F61DDEC9/ctx/ctx-39415/history.[0K
The file will have its original line endings in your working directory[0K
[0K[?25hwarning: LF will be replaced by CRLF in .Rproj.user/F61DDEC9/ctx/ctx-39415/search_path/package_paths.[0K[?25l
The file will have its original line endings in your working directory[0K
[0K[?25hwarning: LF will be replaced by CRLF in .Rproj.user/F61DDEC9/ctx/ctx-39415/search_path/search_path_elements.[0K[?25l
The file will have its original line endings in your working directory[0K
warning: LF will be replaced by CRLF in .Rproj.user/F61DDEC9/ctx/ctx-39415/settings.[0K
The file will have its original line endings in your working directory[0K
warning: LF will be replaced by CRLF in .Rproj.user/F61DDEC9/pcs/debug-breakpoints.pper.[0K
The file will have its original line endings in your working directory[0K
warning: LF will be replaced by CRLF in .Rproj.user/F61DDEC9/pcs/files-pane.pper.[0K
The file will have its original line endings in your working directory[0K
warning: LF will be replaced by CRLF in .Rproj.user/F61DDEC9/pcs/source-pane.pper.[0K
The file will have its original line endings in your working directory[0K
[0K[?25hwarning: LF will be replaced by CRLF in .Rproj.user/F61DDEC9/pcs/windowlayoutstate.pper.[0K[?25l
The file will have its original line endings in your working directory[0K
warning: LF will be replaced by CRLF in .Rproj.user/F61DDEC9/pcs/workbench-pane.pper.[0K
The file will have its original line endings in your working directory[0K
warning: LF will be replaced by CRLF in .Rproj.user/F61DDEC9/persistent-state.[0K
The file will have its original line endings in your working directory[0K
warning: LF will be replaced by CRLF in .Rproj.user/F61DDEC9/rmd-outputs.[0K
The file will have its original line endings in your working directory[0K
[0K[?25hwarning: LF will be replaced by CRLF in .Rproj.user/F61DDEC9/sources/prop/3E6E5155.[0K[?25l
The file will have its original line endings in your working directory[0K
warning: LF will be replaced by CRLF in .Rproj.user/F61DDEC9/sources/prop/42E28AE6.[0K
The file will have its original line endings in your working directory[0K
warning: LF will be replaced by CRLF in .Rproj.user/F61DDEC9/sources/prop/7B09E86.[0K
The file will have its original line endings in your working directory[0K
warning: LF will be replaced by CRLF in .Rproj.user/F61DDEC9/sources/prop/948652D0.[0K
The file will have its original line endings in your working directory[0K
warning: LF will be replaced by CRLF in .Rproj.user/F61DDEC9/sources/prop/B9B30386.[0K[1G[?25h[?25l
The file will have its original line endings in your working directory[0K
warning: LF will be replaced by CRLF in .Rproj.user/F61DDEC9/sources/prop/E2FBEDB7.[0K
The file will have its original line endings in your working directory[0K
warning: LF will be replaced by CRLF in .Rproj.user/F61DDEC9/sources/prop/INDEX.[0K
The file will have its original line endings in your working directory[0K
warning: LF will be replaced by CRLF in .Rproj.user/F61DDEC9/sources/s-1798D6B/68794BE4.[0K
The file will have its original line endings in your working directory[0K
warning: LF will be replaced by CRLF in .Rproj.user/F61DDEC9/sources/s-1798D6B/68794BE4-contents.[0K
The file will have its original line endings in your working directory[0K
[0K[?25hwarning: LF will be replaced by CRLF in .Rproj.user/F61DDEC9/sources/s-1798D6B/FBF3EA05-contents.[0K[?25l
The file will have its original line endings in your working directory[0K
warning: LF will be replaced by CRLF in .Rproj.user/F61DDEC9/sources/s-20A382EB/9A2F745D.[0K
The file will have its original line endings in your working directory[0K
warning: LF will be replaced by CRLF in .Rproj.user/F61DDEC9/sources/s-20A382EB/9A2F745D-contents.[0K
The file will have its original line endings in your working directory[0K
warning: LF will be replaced by CRLF in .Rproj.user/F61DDEC9/sources/s-20A382EB/E148F401-contents.[0K
The file will have its original line endings in your working directory[0K
warning: LF will be replaced by CRLF in .Rproj.user/F61DDEC9/viewer_history/history_entries.[0K
The file will have its original line endings in your working directory[0K
[0K[?25hwarning: LF will be replaced by CRLF in .Rproj.user/F61DDEC9/viewer_history/viewhtml4f9c9a471f3/index.html.[0K[?25l
The file will have its original line endings in your working directory[0K
warning: LF will be replaced by CRLF in .Rproj.user/F61DDEC9/viewer_history/viewhtml4f9c9a471f3/lib/crosstalk-1.0.0/css/crosstalk.c[0Ks
s.[0K
The file will have its original line endings in your working directory[0K
warning: LF will be replaced by CRLF in .Rproj.user/F61DDEC9/viewer_history/viewhtml4f9c9a471f3/lib/crosstalk-1.0.0/js/crosstalk.js[0K.
[0K
The file will have its original line endings in your working directory[0K
warning: LF will be replaced by CRLF in .Rproj.user/F61DDEC9/viewer_history/viewhtml4f9c9a471f3/lib/crosstalk-1.0.0/js/crosstalk.js[0K.
map.[0K
The file will have its original line endings in your working directory[0K
[0K[?25hwarning: LF will be replaced by CRLF in .Rproj.user/F61DDEC9/viewer_history/viewhtml4f9c9a471f3/lib/crosstalk-1.0.0/js/crosstalk.mi[0Kn[?25l
.js.[0K
The file will have its original line endings in your working directory[0K
warning: LF will be replaced by CRLF in .Rproj.user/F61DDEC9/viewer_history/viewhtml4f9c9a471f3/lib/htmlwidgets-1.5.1/htmlwidgets.j[0Ks
.[0K
The file will have its original line endings in your working directory[0K
warning: LF will be replaced by CRLF in .Rproj.user/F61DDEC9/viewer_history/viewhtml4f9c9a471f3/lib/jquery-1.11.3/jquery-AUTHORS.tx[0Kt
.[0K
The file will have its original line endings in your working directory[0K
warning: LF will be replaced by CRLF in .Rproj.user/F61DDEC9/viewer_history/viewhtml4f9c9a471f3/lib/jquery-1.11.3/jquery.js.[0K
The file will have its original line endings in your working directory[0K
warning: LF will be replaced by CRLF in .Rproj.user/F61DDEC9/viewer_history/viewhtml4f9c9a471f3/lib/jquery-1.11.3/jquery.min.js.[0K
The file will have its original line endings in your working directory[0K
[0K[?25hwarning: LF will be replaced by CRLF in .Rproj.user/F61DDEC9/viewer_history/viewhtml4f9c9a471f3/lib/plotly-binding-4.9.1/plotly.js.[0K[?25l
The file will have its original line endings in your working directory[0K
warning: LF will be replaced by CRLF in .Rproj.user/F61DDEC9/viewer_history/viewhtml4f9c9a471f3/lib/plotly-htmlwidgets-css-1.49.4/p[0Kl
otly-htmlwidgets.css.[0K
The file will have its original line endings in your working directory[0K
[0K[?25hwarning: LF will be replaced by CRLF in .Rproj.user/F61DDEC9/viewer_history/viewhtml4f9c9a471f3/lib/plotly-main-1.49.4/plotly-lates[0Kt[?25l
.min.js.[0K
The file will have its original line endings in your working directory[0K
[0K[?25hwarning: LF will be replaced by CRLF in .Rproj.user/shared/notebooks/paths.[0K[?25l
The file will have its original line endings in your working directory[0K
warning: LF will be replaced by CRLF in NAMESPACE.[0K
The file will have its original line endings in your working directory[0K
[0K[?25h]0; [?25l
C:\Users\CR258086\Documents\Source\ptairData>[0K[?25hg[0Ki[0Kt[0K[50G[?25lC:\Users\CR258086\Documents\Source\ptairData>git c[0K[?25ho[0Km[0Km[0Ki[0Kt[0K[57G[?25lC:\Users\CR258086\Documents\Source\ptairData>git commit -[0K[?25hm[0K"[0Kf[0Ki[0Kr[0Ks[0Kt[0K[66G[?25lC:\Users\CR258086\Documents\Source\ptairData>git commit -m"first c[0K[?25ho[0Km[0Km[0Ki[0Kt[0K"[0K]0;  - git  commit -m"first commit"[?25l
[0K[?25h[master 42021b0] first commit[0K[?25l
 Committer: ROQUENCOURT Camille <CR258086@intra.cea.fr>[0K
Your name and email address were configured automatically based[0K
on your username and hostname. Please check that they are accurate.[0K
You can suppress this message by setting them explicitly. Run the[0K
following command and follow the instructions in your editor to edit[0K
your configuration file:[0K
[0K
    git config --global --edit[0K
[0K
After doing this, you may fix the identity used for this commit with:[0K
[0K
    git commit --amend --reset-author[0K
[0K
 74 files changed, 15698 insertions(+)[0K
 create mode 100644 .Rbuildignore[0K
 create mode 100644 .Rhistory[0K
 create mode 100644 .Rproj.user/F61DDEC9/console06/E57CF042[0K
 create mode 100644 .Rproj.user/F61DDEC9/console06/INDEX001[0K
 create mode 100644 .Rproj.user/F61DDEC9/cpp-definition-cache[0K
 create mode 100644 .Rproj.user/F61DDEC9/ctx/ctx-39415/console_actions[0K
 create mode 100644 .Rproj.user/F61DDEC9/ctx/ctx-39415/environment[0K
 create mode 100644 .Rproj.user/F61DDEC9/ctx/ctx-39415/environment_vars[0K
 create mode 100644 .Rproj.user/F61DDEC9/ctx/ctx-39415/history[0K
 create mode 100644 .Rproj.user/F61DDEC9/ctx/ctx-39415/libpaths[0K
 create mode 100644 .Rproj.user/F61DDEC9/ctx/ctx-39415/options[0K
 create mode 100644 .Rproj.user/F61DDEC9/ctx/ctx-39415/plots_dir/INDEX[0K
 create mode 100644 .Rproj.user/F61DDEC9/ctx/ctx-39415/rversion[0K
 create mode 100644 .Rproj.user/F61DDEC9/ctx/ctx-39415/search_path/package_paths[0K
 create mode 100644 .Rproj.user/F61DDEC9/ctx/ctx-39415/search_path/search_path_elements[0K
 create mode 100644 .Rproj.user/F61DDEC9/ctx/ctx-39415/settings[0K
 create mode 100644 .Rproj.user/F61DDEC9/pcs/debug-breakpoints.pper[0K
 create mode 100644 .Rproj.user/F61DDEC9/pcs/files-pane.pper[0K
 create mode 100644 .Rproj.user/F61DDEC9/pcs/source-pane.pper[0K
 create mode 100644 .Rproj.user/F61DDEC9/pcs/windowlayoutstate.pper[0K
 create mode 100644 .Rproj.user/F61DDEC9/pcs/workbench-pane.pper[0K
 create mode 100644 .Rproj.user/F61DDEC9/persistent-state[0K
 create mode 100644 .Rproj.user/F61DDEC9/rmd-outputs[0K
 create mode 100644 .Rproj.user/F61DDEC9/saved_source_markers[0K
 create mode 100644 .Rproj.user/F61DDEC9/sources/prop/3E6E5155[0K
 create mode 100644 .Rproj.user/F61DDEC9/sources/prop/42E28AE6[0K
 create mode 100644 .Rproj.user/F61DDEC9/sources/prop/7B09E86[0K
 create mode 100644 .Rproj.user/F61DDEC9/sources/prop/948652D0[0K
 create mode 100644 .Rproj.user/F61DDEC9/sources/prop/B9B30386[0K
 create mode 100644 .Rproj.user/F61DDEC9/sources/prop/E2FBEDB7[0K
 create mode 100644 .Rproj.user/F61DDEC9/sources/prop/INDEX[0K
 create mode 100644 .Rproj.user/F61DDEC9/sources/s-1798D6B/68794BE4[0K
 create mode 100644 .Rproj.user/F61DDEC9/sources/s-1798D6B/68794BE4-contents[0K
 create mode 100644 .Rproj.user/F61DDEC9/sources/s-1798D6B/FBF3EA05-contents[0K
 create mode 100644 .Rproj.user/F61DDEC9/sources/s-1798D6B/lock_file[0K
 create mode 100644 .Rproj.user/F61DDEC9/sources/s-1798D6B/restart_file[0K
 create mode 100644 .Rproj.user/F61DDEC9/sources/s-20A382EB/9A2F745D[0K
 create mode 100644 .Rproj.user/F61DDEC9/sources/s-20A382EB/9A2F745D-contents[0K
 create mode 100644 .Rproj.user/F61DDEC9/sources/s-20A382EB/E148F401-contents[0K
 create mode 100644 .Rproj.user/F61DDEC9/sources/s-20A382EB/lock_file[0K
 create mode 100644 .Rproj.user/F61DDEC9/viewer_history/current_index[0K
 create mode 100644 .Rproj.user/F61DDEC9/viewer_history/history_entries[0K
 create mode 100644 .Rproj.user/F61DDEC9/viewer_history/viewhtml4f9c9a471f3/index.html[0K
 create mode 100644 .Rproj.user/F61DDEC9/viewer_history/viewhtml4f9c9a471f3/lib/crosstalk-1.0.0/css/crosstalk.css[0K
 create mode 100644 .Rproj.user/F61DDEC9/viewer_history/viewhtml4f9c9a471f3/lib/crosstalk-1.0.0/js/crosstalk.js[0K
 create mode 100644 .Rproj.user/F61DDEC9/viewer_history/viewhtml4f9c9a471f3/lib/crosstalk-1.0.0/js/crosstalk.js.map[0K
 create mode 100644 .Rproj.user/F61DDEC9/viewer_history/viewhtml4f9c9a471f3/lib/crosstalk-1.0.0/js/crosstalk.min.js[0K
 create mode 100644 .Rproj.user/F61DDEC9/viewer_history/viewhtml4f9c9a471f3/lib/crosstalk-1.0.0/js/crosstalk.min.js.map[0K
 create mode 100644 .Rproj.user/F61DDEC9/viewer_history/viewhtml4f9c9a471f3/lib/htmlwidgets-1.5.1/htmlwidgets.js[0K
 create mode 100644 .Rproj.user/F61DDEC9/viewer_history/viewhtml4f9c9a471f3/lib/jquery-1.11.3/jquery-AUTHORS.txt[0K
 create mode 100644 .Rproj.user/F61DDEC9/viewer_history/viewhtml4f9c9a471f3/lib/jquery-1.11.3/jquery.js[0K
 create mode 100644 .Rproj.user/F61DDEC9/viewer_history/viewhtml4f9c9a471f3/lib/jquery-1.11.3/jquery.min.js[0K
 create mode 100644 .Rproj.user/F61DDEC9/viewer_history/viewhtml4f9c9a471f3/lib/jquery-1.11.3/jquery.min.map[0K
 create mode 100644 .Rproj.user/F61DDEC9/viewer_history/viewhtml4f9c9a471f3/lib/plotly-binding-4.9.1/plotly.js[0K
 create mode 100644 .Rproj.user/F61DDEC9/viewer_history/viewhtml4f9c9a471f3/lib/plotly-htmlwidgets-css-1.49.4/plotly-htmlwidgets.cs[0Ks
[0K
 create mode 100644 .Rproj.user/F61DDEC9/viewer_history/viewhtml4f9c9a471f3/lib/plotly-main-1.49.4/plotly-latest.min.js[0K
 create mode 100644 .Rproj.user/F61DDEC9/viewer_history/viewhtml4f9c9a471f3/lib/typedarray-0.1/typedarray.min.js[0K
 create mode 100644 .Rproj.user/shared/notebooks/patch-chunk-names[0K
 create mode 100644 .Rproj.user/shared/notebooks/paths[0K
 create mode 100644 DESCRIPTION[0K
 create mode 100644 NAMESPACE[0K
 create mode 100644 inst/extdata/exhaledAir/ind1/ind1-1.h5[0K
 create mode 100644 inst/extdata/exhaledAir/ind1/ind1-2.h5[0K
 create mode 100644 inst/extdata/exhaledAir/ind1/ind1-3.h5[0K
 create mode 100644 inst/extdata/exhaledAir/ind2/ind2-1.h5[0K
 create mode 100644 inst/extdata/exhaledAir/ind2/ind2-2.h5[0K
 create mode 100644 inst/extdata/exhaledAir/ind2/ind2-3.h5[0K
 create mode 100644 inst/extdata/mycobacteria/Control/Control1.h5[0K
 create mode 100644 inst/extdata/mycobacteria/Control/Control2.h5[0K
 create mode 100644 inst/extdata/mycobacteria/Specie-a/Specie-a1.h5[0K
 create mode 100644 inst/extdata/mycobacteria/Specie-a/Specie-a2.h5[0K
 create mode 100644 inst/extdata/mycobacteria/Specie-b/specie-b1.h5[0K
 create mode 100644 inst/extdata/mycobacteria/Specie-b/specie-b2.h5[0K
 create mode 100644 ptrData.Rproj[0K
[0K[?25h]0; [?25l
C:\Users\CR258086\Documents\Source\ptairData>[0K[?25hg[0Ki[0Kt[0K[50G[?25lC:\Users\CR258086\Documents\Source\ptairData>git op[0K[?25hu[0Ks[0K[?25lC:\Users\CR258086\Documents\Source\ptairData>git opu[0K[?25h[?25lC:\Users\CR258086\Documents\Source\ptairData>git op[0K[?25h[?25lC:\Users\CR258086\Documents\Source\ptairData>git o[0K[?25h[?25lC:\Users\CR258086\Documents\Source\ptairData>git[0K[50G[?25h[?25lC:\Users\CR258086\Documents\Source\ptairData>git p[0K[?25hu[0Ks[0Kh[0K]0;  - git  push[?25l
[0K[?25hEnumerating objects: 107, done.[0K[?25l
Counting objects:  40% (43/107)[0K[1G[?25hCounting objects: 100% (107/107), done.[0K[?25l
Delta compression using up to 8 threads[0K
Compressing objects:  61% (53/86)[0K[1G[?25h[?25lCompressing objects:  81% (70/86)[0K[1G[?25h[?25lCompressing objects:  82% (71/86)[0K[1G[?25h[?25lCompressing objects:  83% (72/86)[0K[1G[?25h[?25lCompressing objects:  84% (73/86)[0K[1G[?25h[?25lCompressing objects:  86% (74/86)[0K[1G[?25h[?25lCompressing objects:  87% (75/86)[0K[1G[?25h[?25lCompressing objects:  88% (76/86)[0K[1G[?25h[?25lCompressing objects:  89% (77/86)[0K[1G[?25h[?25lCompressing objects:  90% (78/86)[0K[1G[?25h[?25lCompressing objects:  91% (79/86)[0K[1G[?25h[?25lCompressing objects: 100% (86/86)[0K[1G[?25hCompressing objects: 100% (86/86), done.[0K[?25l
Writing objects:  65% (69/106)[0K[1G[?25h[?25lWriting objects:  72% (77/106)[0K[1G[?25h[?25lWriting objects:  83% (88/106), 984.00 KiB | 1.02 MiB/s[0K[1G[?25h[?25lWriting objects:  83% (88/106), 2.65 MiB | 1.83 MiB/s[0K[1G[?25h[?25lWriting objects:  84% (90/106), 2.65 MiB | 1.83 MiB/s[0K[1G[?25h[?25lWriting objects:  86% (92/106), 8.33 MiB | 4.29 MiB/s[0K[1G[?25h[?25lWriting objects:  87% (93/106), 8.33 MiB | 4.29 MiB/s[0K[1G[?25h[?25lWriting objects:  88% (94/106), 12.44 MiB | 5.09 MiB/s[0K[1G[?25h[?25lWriting objects:  91% (97/106), 12.44 MiB | 5.09 MiB/s[0K[1G[?25h[?25lWriting objects:  92% (98/106), 17.89 MiB | 6.08 MiB/s[0K[1G[?25h[?25lWriting objects:  94% (100/106), 17.89 MiB | 6.08 MiB/s[0K[1G[?25h[?25lWriting objects:  95% (101/106), 17.89 MiB | 6.08 MiB/s[0K[1G[?25h[?25lWriting objects:  97% (103/106), 17.89 MiB | 6.08 MiB/s[0K[1G[?25h[?25lWriting objects:  98% (104/106), 23.31 MiB | 6.76 MiB/s[0K[1G[?25hWriting objects: 100% (106/106), 26.38 MiB | 7.15 MiB/s, done.[0K[?25l
Total 106 (delta 5), reused 0 (delta 0)[0K
[0K[?25hremote: Resolving deltas: 100% (5/5), done.[0K[?25l
[0K[?25hTo https://github.com/camilleroquencourt/ptairData.git[0K[?25l
   e077849..42021b0  master -> master[0K
[0K[?25h]0; [?25l
C:\Users\CR258086\Documents\Source\ptairData>[0K[?25h